%!Adobe-FontList 1.14
%Locale:0x409

%BeginFont
Handler:DirectoryHandler
FontType:TrueType
FontName:Arial-Black
FamilyName:Arial Black
StyleName:Regular
MenuName:Arial Black
StyleBits:0
WeightClass:900
WidthClass:5
AngleClass:0
FullName:Arial Black
WritingScript:Roman
OutlineFileName:\Arial Black.ttf
DataFormat:sfntData
FileLength:122556
FileModTime:1449970986
%EndFont

%BeginFont
Handler:DirectoryHandler
FontType:TrueType
FontName:ArialMT
FamilyName:Arial
StyleName:Regular
MenuName:Arial
StyleBits:0
WeightClass:400
WidthClass:5
AngleClass:0
FullName:Arial
WritingScript:Roman
OutlineFileName:\Arial.ttf
DataFormat:sfntData
FileLength:773236
FileModTime:1449970986
%EndFont

%BeginFont
Handler:DirectoryHandler
FontType:TrueType
FontName:Avenir-Book
FamilyName:Avenir
StyleName:Book
MenuName:Avenir Book
StyleBits:0
WeightClass:400
WidthClass:5
AngleClass:0
FullName:Avenir Book
WritingScript:Roman
OutlineFileName:\Avenir.ttc
TTCOffset:72
DataFormat:sfntData
FileLength:1593228
FileModTime:1449970984
%EndFont

%BeginFont
Handler:DirectoryHandler
FontType:TrueType
FontName:Avenir-BookOblique
FamilyName:Avenir
StyleName:Book Oblique
MenuName:Avenir Book
StyleBits:1
WeightClass:400
WidthClass:5
AngleClass:1
FullName:Avenir Book Oblique
WritingScript:Roman
OutlineFileName:\Avenir.ttc
TTCOffset:388
DataFormat:sfntData
FileLength:1593228
FileModTime:1449970984
%EndFont

%BeginFont
Handler:DirectoryHandler
FontType:TrueType
FontName:Avenir-Black
FamilyName:Avenir
StyleName:Black
MenuName:Avenir Black
StyleBits:2
WeightClass:800
WidthClass:5
AngleClass:0
FullName:Avenir Black
WritingScript:Roman
OutlineFileName:\Avenir.ttc
TTCOffset:704
DataFormat:sfntData
FileLength:1593228
FileModTime:1449970984
%EndFont

%BeginFont
Handler:DirectoryHandler
FontType:TrueType
FontName:Avenir-BlackOblique
FamilyName:Avenir
StyleName:Black Oblique
MenuName:Avenir Black Oblique
StyleBits:3
WeightClass:800
WidthClass:5
AngleClass:1
FullName:Avenir Black Oblique
WritingScript:Roman
OutlineFileName:\Avenir.ttc
TTCOffset:1004
DataFormat:sfntData
FileLength:1593228
FileModTime:1449970984
%EndFont

%BeginFont
Handler:DirectoryHandler
FontType:TrueType
FontName:Avenir-Heavy
FamilyName:Avenir
StyleName:Heavy
MenuName:Avenir Heavy
StyleBits:2
WeightClass:900
WidthClass:5
AngleClass:0
FullName:Avenir Heavy
WritingScript:Roman
OutlineFileName:\Avenir.ttc
TTCOffset:1304
DataFormat:sfntData
FileLength:1593228
FileModTime:1449970984
%EndFont

%BeginFont
Handler:DirectoryHandler
FontType:TrueType
FontName:Avenir-HeavyOblique
FamilyName:Avenir
StyleName:Heavy Oblique
MenuName:Avenir Heavy
StyleBits:3
WeightClass:900
WidthClass:5
AngleClass:1
FullName:Avenir Heavy Oblique
WritingScript:Roman
OutlineFileName:\Avenir.ttc
TTCOffset:1588
DataFormat:sfntData
FileLength:1593228
FileModTime:1449970984
%EndFont

%BeginFont
Handler:DirectoryHandler
FontType:TrueType
FontName:Avenir-Light
FamilyName:Avenir
StyleName:Light
MenuName:Avenir Light
StyleBits:0
WeightClass:300
WidthClass:5
AngleClass:0
FullName:Avenir Light
WritingScript:Roman
OutlineFileName:\Avenir.ttc
TTCOffset:1904
DataFormat:sfntData
FileLength:1593228
FileModTime:1449970984
%EndFont

%BeginFont
Handler:DirectoryHandler
FontType:TrueType
FontName:Avenir-LightOblique
FamilyName:Avenir
StyleName:Light Oblique
MenuName:Avenir Light
StyleBits:1
WeightClass:300
WidthClass:5
AngleClass:1
FullName:Avenir Light Oblique
WritingScript:Roman
OutlineFileName:\Avenir.ttc
TTCOffset:2220
DataFormat:sfntData
FileLength:1593228
FileModTime:1449970984
%EndFont

%BeginFont
Handler:DirectoryHandler
FontType:TrueType
FontName:Avenir-Medium
FamilyName:Avenir
StyleName:Medium
MenuName:Avenir Medium
StyleBits:0
WeightClass:500
WidthClass:5
AngleClass:0
FullName:Avenir Medium
WritingScript:Roman
OutlineFileName:\Avenir.ttc
TTCOffset:2536
DataFormat:sfntData
FileLength:1593228
FileModTime:1449970984
%EndFont

%BeginFont
Handler:DirectoryHandler
FontType:TrueType
FontName:Avenir-MediumOblique
FamilyName:Avenir
StyleName:Medium Oblique
MenuName:Avenir Medium
StyleBits:1
WeightClass:500
WidthClass:5
AngleClass:1
FullName:Avenir Medium Oblique
WritingScript:Roman
OutlineFileName:\Avenir.ttc
TTCOffset:2836
DataFormat:sfntData
FileLength:1593228
FileModTime:1449970984
%EndFont

%BeginFont
Handler:DirectoryHandler
FontType:TrueType
FontName:Avenir-Oblique
FamilyName:Avenir
StyleName:Oblique
MenuName:Avenir
StyleBits:1
WeightClass:400
WidthClass:5
AngleClass:1
FullName:Avenir Oblique
WritingScript:Roman
OutlineFileName:\Avenir.ttc
TTCOffset:3152
DataFormat:sfntData
FileLength:1593228
FileModTime:1449970984
%EndFont

%BeginFont
Handler:DirectoryHandler
FontType:TrueType
FontName:Avenir-Roman
FamilyName:Avenir
StyleName:Roman
MenuName:Avenir
StyleBits:0
WeightClass:400
WidthClass:5
AngleClass:0
FullName:Avenir Roman
WritingScript:Roman
OutlineFileName:\Avenir.ttc
TTCOffset:3468
DataFormat:sfntData
FileLength:1593228
FileModTime:1449970984
%EndFont

%BeginFont
Handler:DirectoryHandler
FontType:TrueType
FontName:Calibri
FamilyName:Calibri
StyleName:Regular
MenuName:Calibri
StyleBits:0
WeightClass:400
WidthClass:5
AngleClass:0
FullName:Calibri
WritingScript:Roman
OutlineFileName:\Calibri.ttf
DataFormat:sfntData
FileLength:329144
FileModTime:1250931600
%EndFont

%BeginFont
Handler:DirectoryHandler
FontType:TrueType
FontName:Candara-Bold
FamilyName:Candara
StyleName:Bold
MenuName:Candara
StyleBits:2
WeightClass:700
WidthClass:5
AngleClass:0
FullName:Candara Bold
WritingScript:Roman
OutlineFileName:\Candara Bold.ttf
DataFormat:sfntData
FileLength:165844
FileModTime:1250931600
%EndFont

%BeginFont
Handler:DirectoryHandler
FontType:TrueType
FontName:Candara
FamilyName:Candara
StyleName:Regular
MenuName:Candara
StyleBits:0
WeightClass:400
WidthClass:5
AngleClass:0
FullName:Candara
WritingScript:Roman
OutlineFileName:\Candara.ttf
DataFormat:sfntData
FileLength:162584
FileModTime:1250931600
%EndFont

%BeginFont
Handler:DirectoryHandler
FontType:Type1
FontName:LithosPro-Black
FamilyName:Lithos Pro
StyleName:Black
MenuName:Lithos Pro Regular
StyleBits:2
WeightClass:850
WidthClass:5
AngleClass:0
FullName:Lithos Pro Black
WritingScript:Roman
OutlineFileName:\LithosPro-Black.otf
DataFormat:sfntData
UsesStandardEncoding:yes
isCFF:yes
FileLength:81032
FileModTime:1347274097
DesignSize:240
%EndFont

%BeginFont
Handler:DirectoryHandler
FontType:Type1
FontName:LithosPro-Regular
FamilyName:Lithos Pro
StyleName:Regular
MenuName:Lithos Pro Regular
StyleBits:0
WeightClass:400
WidthClass:5
AngleClass:0
FullName:Lithos Pro
WritingScript:Roman
OutlineFileName:\LithosPro-Regular.otf
DataFormat:sfntData
UsesStandardEncoding:yes
isCFF:yes
FileLength:79980
FileModTime:1347274097
DesignSize:240
%EndFont

%BeginFont
Handler:DirectoryHandler
FontType:Type1
FontName:MinionPro-Regular
FamilyName:Minion Pro
StyleName:Regular
MenuName:Minion Pro
StyleBits:0
WeightClass:400
WidthClass:5
AngleClass:0
FullName:Minion Pro
WritingScript:Roman
OutlineFileName:\MinionPro-Regular.otf
DataFormat:sfntData
UsesStandardEncoding:yes
isCFF:yes
FileLength:184404
FileModTime:1150827880
DesignSize:110
%EndFont

%BeginFont
Handler:DirectoryHandler
FontType:TrueType
FontName:Palatino-Roman
FamilyName:Palatino
StyleName:Regular
MenuName:Palatino
StyleBits:0
WeightClass:400
WidthClass:5
AngleClass:0
FullName:Palatino
WritingScript:Roman
OutlineFileName:\Palatino.ttc
TTCOffset:40
DataFormat:sfntData
FileLength:1770652
FileModTime:1449970984
%EndFont

%BeginFont
Handler:DirectoryHandler
FontType:TrueType
FontName:Palatino-Italic
FamilyName:Palatino
StyleName:Italic
MenuName:Palatino
StyleBits:1
WeightClass:400
WidthClass:5
AngleClass:1
FullName:Palatino Italic
WritingScript:Roman
OutlineFileName:\Palatino.ttc
TTCOffset:420
DataFormat:sfntData
FileLength:1770652
FileModTime:1449970984
%EndFont

%BeginFont
Handler:DirectoryHandler
FontType:TrueType
FontName:Palatino-Bold
FamilyName:Palatino
StyleName:Bold
MenuName:Palatino
StyleBits:2
WeightClass:700
WidthClass:5
AngleClass:0
FullName:Palatino Bold
WritingScript:Roman
OutlineFileName:\Palatino.ttc
TTCOffset:800
DataFormat:sfntData
FileLength:1770652
FileModTime:1449970984
%EndFont

%BeginFont
Handler:DirectoryHandler
FontType:TrueType
FontName:Palatino-BoldItalic
FamilyName:Palatino
StyleName:Bold Italic
MenuName:Palatino
StyleBits:3
WeightClass:700
WidthClass:5
AngleClass:1
FullName:Palatino Bold Italic
WritingScript:Roman
OutlineFileName:\Palatino.ttc
TTCOffset:1100
DataFormat:sfntData
FileLength:1770652
FileModTime:1449970984
%EndFont

%BeginFont
Handler:DirectoryHandler
FontType:TrueType
FontName:Sacramento-Regular
FamilyName:Sacramento
StyleName:Regular
MenuName:Sacramento
StyleBits:0
WeightClass:400
WidthClass:5
AngleClass:0
FullName:Sacramento
WritingScript:Roman
OutlineFileName:\Sacramento-Regular.ttf
DataFormat:sfntData
FileLength:79696
FileModTime:1500552460
%EndFont

%BeginFont
Handler:DirectoryHandler
FontType:TrueType
FontName:Times-Roman
FamilyName:Times
StyleName:Regular
MenuName:Times
StyleBits:0
WeightClass:400
WidthClass:5
AngleClass:0
FullName:Times Roman
WritingScript:Roman
OutlineFileName:\Times.dfont
DataFormat:sfntResource
ResourceID:13494
FileLength:1599593
FileModTime:1449970984
%EndFont

%BeginFont
Handler:DirectoryHandler
FontType:TrueType
FontName:Times-Bold
FamilyName:Times
StyleName:Bold
MenuName:Times
StyleBits:2
WeightClass:700
WidthClass:5
AngleClass:0
FullName:Times Bold
WritingScript:Roman
OutlineFileName:\Times.dfont
DataFormat:sfntResource
ResourceID:16697
FileLength:1599593
FileModTime:1449970984
%EndFont

%BeginFont
Handler:DirectoryHandler
FontType:TrueType
FontName:Times-Italic
FamilyName:Times
StyleName:Italic
MenuName:Times
StyleBits:1
WeightClass:400
WidthClass:5
AngleClass:1
FullName:Times Italic
WritingScript:Roman
OutlineFileName:\Times.dfont
DataFormat:sfntResource
ResourceID:21585
FileLength:1599593
FileModTime:1449970984
%EndFont

%BeginFont
Handler:DirectoryHandler
FontType:TrueType
FontName:Times-BoldItalic
FamilyName:Times
StyleName:Bold Italic
MenuName:Times
StyleBits:3
WeightClass:700
WidthClass:5
AngleClass:1
FullName:Times Bold Italic
WritingScript:Roman
OutlineFileName:\Times.dfont
DataFormat:sfntResource
ResourceID:22219
FileLength:1599593
FileModTime:1449970984
%EndFont

%BeginFont
Handler:DirectoryHandler
FontType:Suitcase
FontName:Times-Roman
OutlineFileName:\Times.dfont
ResourceID:20
MacStyle:0
FileLength:1599593
FileModTime:1449970984
%EndFont

%BeginFont
Handler:DirectoryHandler
FontType:Suitcase
FontName:Times-Bold
OutlineFileName:\Times.dfont
ResourceID:20
MacStyle:1
FileLength:1599593
FileModTime:1449970984
%EndFont

%BeginFont
Handler:DirectoryHandler
FontType:Suitcase
FontName:Times-Italic
OutlineFileName:\Times.dfont
ResourceID:20
MacStyle:2
FileLength:1599593
FileModTime:1449970984
%EndFont

%BeginFont
Handler:DirectoryHandler
FontType:Suitcase
FontName:Times-BoldItalic
OutlineFileName:\Times.dfont
ResourceID:20
MacStyle:3
FileLength:1599593
FileModTime:1449970984
%EndFont

